
> portfolio@1.0.0 build
> next build

  Γû▓ Next.js 14.2.35
  - Environments: .env.local

   Creating an optimized production build ...
 Γ£ô Compiled successfully
   Linting and checking validity of types ...
   Collecting page data ...
   Generating static pages (0/6) ...
   Generating static pages (1/6) 
   Generating static pages (2/6) 
   Generating static pages (4/6) 
 Γ£ô Generating static pages (6/6)
   Finalizing page optimization ...
   Collecting build traces ...

Route (app)                              Size     First Load JS
Γöî ╞Æ /                                    20.2 kB         197 kB
Γö£ Γùï /_not-found                          873 B          88.2 kB
Γö£ ╞Æ /api/chat                            0 B                0 B
Γöö ╞Æ /api/contact                         0 B                0 B
+ First Load JS shared by all            87.3 kB
  Γö£ chunks/117-6817101bfb5149dd.js       31.7 kB
  Γö£ chunks/fd9d1056-af324d327b243cf1.js  53.6 kB
  Γöö other shared chunks (total)          1.95 kB


Γùï  (Static)   prerendered as static content
╞Æ  (Dynamic)  server-rendered on demand

